2026-06-25 18:33:25 | INFO | ============================================================
2026-06-25 18:33:25 | INFO | Paper2Fig-2026 Embedding Extraction
2026-06-25 18:33:25 | INFO | ============================================================
2026-06-25 18:33:25 | INFO | Resume from sample: 0
2026-06-25 18:33:26 | INFO | Remaining figures: 34,954
2026-06-25 18:33:27 | INFO | Backbone loaded successfully.
2026-06-25 18:33:27 | INFO | Start chunk: 0
2026-06-25 18:34:54 | INFO | Chunk 00000 saved (1,024 embeddings)
2026-06-25 18:36:04 | INFO | Chunk 00001 saved (1,024 embeddings)
2026-06-25 18:37:13 | INFO | Chunk 00002 saved (1,024 embeddings)
2026-06-25 18:38:24 | INFO | Chunk 00003 saved (1,024 embeddings)
2026-06-25 18:39:34 | INFO | Chunk 00004 saved (1,024 embeddings)
2026-06-25 18:40:43 | INFO | Chunk 00005 saved (1,024 embeddings)
2026-06-25 18:41:53 | INFO | Chunk 00006 saved (1,024 embeddings)
2026-06-25 18:43:03 | INFO | Chunk 00007 saved (1,024 embeddings)
2026-06-25 18:44:12 | INFO | Chunk 00008 saved (1,024 embeddings)
2026-06-25 18:45:22 | INFO | Chunk 00009 saved (1,024 embeddings)
2026-06-25 18:46:32 | INFO | Chunk 00010 saved (1,024 embeddings)
2026-06-25 18:47:41 | INFO | Chunk 00011 saved (1,024 embeddings)
2026-06-25 18:48:51 | INFO | Chunk 00012 saved (1,024 embeddings)
2026-06-25 18:50:01 | INFO | Chunk 00013 saved (1,024 embeddings)
2026-06-25 18:51:10 | INFO | Chunk 00014 saved (1,024 embeddings)
2026-06-25 18:52:20 | INFO | Chunk 00015 saved (1,024 embeddings)
2026-06-25 18:53:30 | INFO | Chunk 00016 saved (1,024 embeddings)
2026-06-25 18:54:40 | INFO | Chunk 00017 saved (1,024 embeddings)
2026-06-25 18:55:49 | INFO | Chunk 00018 saved (1,024 embeddings)
2026-06-25 18:56:59 | INFO | Chunk 00019 saved (1,024 embeddings)
2026-06-25 18:58:09 | INFO | Chunk 00020 saved (1,024 embeddings)
2026-06-25 18:59:18 | INFO | Chunk 00021 saved (1,024 embeddings)
2026-06-25 19:00:28 | INFO | Chunk 00022 saved (1,024 embeddings)
2026-06-25 19:01:37 | INFO | Chunk 00023 saved (1,024 embeddings)
2026-06-25 19:02:47 | INFO | Chunk 00024 saved (1,024 embeddings)
2026-06-25 19:03:57 | INFO | Chunk 00025 saved (1,024 embeddings)
2026-06-25 19:05:06 | INFO | Chunk 00026 saved (1,024 embeddings)
2026-06-25 19:06:16 | INFO | Chunk 00027 saved (1,024 embeddings)
2026-06-25 19:07:27 | INFO | Chunk 00028 saved (1,024 embeddings)
2026-06-25 19:08:37 | INFO | Chunk 00029 saved (1,024 embeddings)
2026-06-25 19:09:48 | INFO | Chunk 00030 saved (1,024 embeddings)
2026-06-25 19:10:58 | INFO | Chunk 00031 saved (1,024 embeddings)
2026-06-25 19:12:09 | INFO | Chunk 00032 saved (1,024 embeddings)
2026-06-25 19:13:19 | INFO | Chunk 00033 saved (1,024 embeddings)
2026-06-25 19:13:29 | INFO | Chunk 00034 saved (138 embeddings)
2026-06-25 19:13:29 | INFO | Embedding extraction finished.
2026-06-25 19:13:29 | INFO | Merging 35 chunks...
2026-06-25 19:13:29 | INFO | Merged embeddings : (34954, 768)
2026-06-25 19:13:29 | INFO | Embedding index    : 34,954
2026-06-25 19:13:29 | INFO | ============================================================
2026-06-25 19:13:29 | INFO | Finished in 40.06 minutes
2026-06-25 19:13:29 | INFO | ============================================================
