2026-06-25 20:19:12 | INFO | ============================================================
2026-06-25 20:19:12 | INFO | Paper2Fig-2026 Retrieval Dataset Builder
2026-06-25 20:19:12 | INFO | ============================================================
2026-06-25 20:19:12 | INFO | Positive pairs : 23,227
2026-06-25 20:19:12 | INFO | Hard negatives : 120,517
2026-06-25 20:19:12 | INFO | Sampled positives : 12,447
2026-06-25 20:19:12 | INFO | Sampled negatives : 63,004
2026-06-25 20:19:12 | INFO | Pair dataset : 75,451
2026-06-25 20:19:12 | INFO | Triplet dataset : 8,644
2026-06-25 20:19:12 | INFO | Saved : D:\Research\PhD\Plagiarism\train\paper2fig2026\analysis\datasets\retrieval_pairs.csv
2026-06-25 20:19:12 | INFO | Saved : D:\Research\PhD\Plagiarism\train\paper2fig2026\analysis\datasets\retrieval_triplets.csv
2026-06-25 20:19:12 | INFO | ============================================================
2026-06-25 20:19:12 | INFO | total_pairs: 75,451
2026-06-25 20:19:12 | INFO | positive_pairs: 12,447
2026-06-25 20:19:12 | INFO | negative_pairs: 63,004
2026-06-25 20:19:12 | INFO | total_triplets: 8,644
2026-06-25 20:19:12 | INFO | unique_pair_anchors: 21,033
2026-06-25 20:19:12 | INFO | unique_triplet_anchors: 1,481
2026-06-25 20:19:12 | INFO | ============================================================
2026-06-25 20:19:12 | INFO | ============================================================
2026-06-25 20:19:12 | INFO | Finished in 0.51 seconds
2026-06-25 20:19:12 | INFO | ============================================================
